// Jest Snapshot v1, https://goo.gl/fbAQLP

exports[`Rendering Component Screen2 renders correctly 1`] = `
<View
  style={
    Object {
      "alignItems": "center",
      "backgroundColor": "#3687d1",
      "height": 1334,
      "justifyContent": "center",
      "width": 750,
    }
  }
>
  <Text
    style={
      Object {
        "bottom": 422,
        "color": "#fff",
        "fontFamily": "Lato-Regular",
        "fontSize": 80,
        "lineHeight": 90,
        "position": "absolute",
      }
    }
  >
    2
  </Text>
  <Text
    style={
      Object {
        "alignItems": "center",
        "color": "#fff",
        "fontFamily": "Lato-Semibold",
        "fontSize": 18,
        "height": 33,
        "lineHeight": 32,
        "position": "absolute",
        "textAlign": "center",
        "top": 287,
        "width": 289,
      }
    }
  >
    Hacemos práctica la facturación
  </Text>
  <Text
    style={
      Object {
        "alignItems": "center",
        "color": "#fff",
        "fontFamily": "Lato-Regular",
        "fontSize": 14,
        "height": 66,
        "lineHeight": 21,
        "position": "absolute",
        "textAlign": "center",
        "top": 332,
        "width": 289,
      }
    }
  >
    No tendrás que cargar la misma información dos veces. Nuestro sistema guarda y ayuda a hacer más ágil tu facturación.
  </Text>
</View>
`;
