// Jest Snapshot v1, https://goo.gl/fbAQLP

exports[`Rendering Component Intro renders correctly 1`] = `
<View
  onLayout={[Function]}
  style={
    Array [
      Object {
        "backgroundColor": "transparent",
        "flex": 1,
        "position": "relative",
      },
      undefined,
    ]
  }
>
  <RCTScrollView
    activeDotColor="#fff"
    automaticallyAdjustContentInsets={false}
    autoplay={false}
    autoplayDirection={true}
    autoplayTimeout={2.5}
    bounces={false}
    buttonWrapperStyle={
      Object {
        "justifyContent": "center",
        "top": 202,
      }
    }
    contentContainerStyle={
      Array [
        Object {
          "backgroundColor": "transparent",
        },
        Object {},
      ]
    }
    contentOffset={
      Object {
        "x": 0,
      }
    }
    disableNextButton={false}
    dotColor="#C4C4C4"
    horizontal={true}
    index={0}
    loadMinimal={false}
    loadMinimalSize={1}
    loop={false}
    nextButton={
      <Text
        style={
          Object {
            "borderColor": "#fff",
            "borderRadius": 2,
            "borderWidth": 1,
            "color": "#fff",
            "fontFamily": undefined,
            "fontSize": undefined,
            "height": 40,
            "padding": 10,
            "textAlign": "center",
            "width": 247,
          }
        }
      >
        Siguiente
      </Text>
    }
    onIndexChanged={[Function]}
    onMomentumScrollEnd={[Function]}
    onScrollBeginDrag={[Function]}
    onScrollEndDrag={[Function]}
    pagingEnabled={true}
    prevButton={
      <Text
        style={Object {}}
      />
    }
    removeClippedSubviews={true}
    scrollsToTop={false}
    showsButtons={true}
    showsHorizontalScrollIndicator={false}
    showsPagination={true}
    showsVerticalScrollIndicator={false}
  >
    <View>
      <View
        style={
          Array [
            Object {
              "height": 1334,
              "width": 750,
            },
            Object {
              "backgroundColor": "transparent",
            },
          ]
        }
      >
        <View
          style={
            Object {
              "alignItems": "center",
              "backgroundColor": "#3687d1",
              "height": 1334,
              "justifyContent": "center",
              "width": 750,
            }
          }
        >
          <Text
            style={
              Object {
                "bottom": 422,
                "color": "#fff",
                "fontFamily": undefined,
                "fontSize": 80,
                "lineHeight": 90,
                "position": "absolute",
              }
            }
          >
            1
          </Text>
          <Text
            style={
              Object {
                "alignItems": "center",
                "color": "#fff",
                "fontFamily": undefined,
                "fontSize": 16,
                "height": 33,
                "lineHeight": 32,
                "position": "absolute",
                "textAlign": "center",
                "top": 287,
                "width": 289,
              }
            }
          >
            Facturar sin demoras
          </Text>
          <Text
            style={
              Object {
                "alignItems": "center",
                "color": "#fff",
                "fontFamily": undefined,
                "fontSize": undefined,
                "height": 66,
                "lineHeight": 21,
                "position": "absolute",
                "textAlign": "center",
                "top": 332,
                "width": 289,
              }
            }
          >
            Como cuando lo era cuando lo hacias en papel, ágil para vos y para tus clientes.
          </Text>
        </View>
      </View>
      <View
        style={
          Array [
            Object {
              "height": 1334,
              "width": 750,
            },
            Object {
              "backgroundColor": "transparent",
            },
          ]
        }
      >
        <View
          style={
            Object {
              "alignItems": "center",
              "backgroundColor": "#3687d1",
              "height": 1334,
              "justifyContent": "center",
              "width": 750,
            }
          }
        >
          <Text
            style={
              Object {
                "bottom": 422,
                "color": "#fff",
                "fontFamily": undefined,
                "fontSize": 80,
                "lineHeight": 90,
                "position": "absolute",
              }
            }
          >
            2
          </Text>
          <Text
            style={
              Object {
                "alignItems": "center",
                "color": "#fff",
                "fontFamily": undefined,
                "fontSize": 16,
                "height": 33,
                "lineHeight": 32,
                "position": "absolute",
                "textAlign": "center",
                "top": 287,
                "width": 289,
              }
            }
          >
            Hacemos práctica la facturación
          </Text>
          <Text
            style={
              Object {
                "alignItems": "center",
                "color": "#fff",
                "fontFamily": undefined,
                "fontSize": undefined,
                "height": 66,
                "lineHeight": 21,
                "position": "absolute",
                "textAlign": "center",
                "top": 332,
                "width": 289,
              }
            }
          >
            No tendrás que cargar la misma información dos veces. Nuestro sistema guarda y ayuda a hacer más ágil tu facturación.
          </Text>
        </View>
      </View>
      <View
        style={
          Array [
            Object {
              "height": 1334,
              "width": 750,
            },
            Object {
              "backgroundColor": "transparent",
            },
          ]
        }
      >
        <View
          style={
            Object {
              "alignItems": "center",
              "backgroundColor": "#3687d1",
              "height": 1334,
              "justifyContent": "center",
              "width": 750,
            }
          }
        >
          <Text
            style={
              Object {
                "bottom": 422,
                "color": "#fff",
                "fontFamily": undefined,
                "fontSize": 80,
                "lineHeight": 90,
                "position": "absolute",
              }
            }
          >
            3
          </Text>
          <Text
            style={
              Object {
                "alignItems": "center",
                "color": "#fff",
                "fontFamily": undefined,
                "fontSize": 16,
                "height": 33,
                "lineHeight": 32,
                "position": "absolute",
                "textAlign": "center",
                "top": 287,
                "width": 289,
              }
            }
          >
            Información segura
          </Text>
          <Text
            style={
              Object {
                "alignItems": "center",
                "color": "#fff",
                "fontFamily": undefined,
                "fontSize": undefined,
                "height": 66,
                "lineHeight": 21,
                "position": "absolute",
                "textAlign": "center",
                "top": 332,
                "width": 289,
              }
            }
          >
            Nuestra política de privacidad es simple: No compartimos ninguna información personal o impositiva tuya.
          </Text>
          <View
            accessible={true}
            isTVSelectable={true}
            onResponderGrant={[Function]}
            onResponderMove={[Function]}
            onResponderRelease={[Function]}
            onResponderTerminate={[Function]}
            onResponderTerminationRequest={[Function]}
            onStartShouldSetResponder={[Function]}
            style={
              Object {
                "justifyContent": "center",
                "opacity": 1,
                "top": 190,
              }
            }
            testID="ready"
          >
            <Text
              style={
                Array [
                  Object {
                    "color": "#007aff",
                    "fontSize": 17,
                    "fontWeight": "500",
                    "textAlign": "center",
                  },
                  null,
                  Object {
                    "borderColor": "#fff",
                    "borderRadius": 2,
                    "borderWidth": 1,
                    "color": "#fff",
                    "fontFamily": undefined,
                    "fontSize": undefined,
                    "height": 40,
                    "padding": 10,
                    "textAlign": "center",
                    "width": 247,
                  },
                  null,
                ]
              }
            >
              Listo
            </Text>
          </View>
        </View>
      </View>
    </View>
  </RCTScrollView>
  <View
    pointerEvents="none"
    style={
      Array [
        Object {
          "alignItems": "center",
          "backgroundColor": "transparent",
          "bottom": 25,
          "flex": 1,
          "flexDirection": "row",
          "justifyContent": "center",
          "left": 0,
          "position": "absolute",
          "right": 0,
        },
        undefined,
      ]
    }
  >
    <View
      style={
        Array [
          Object {
            "backgroundColor": "#fff",
            "borderRadius": 4,
            "height": 8,
            "marginBottom": 3,
            "marginLeft": 3,
            "marginRight": 3,
            "marginTop": 3,
            "width": 8,
          },
          undefined,
        ]
      }
    />
    <View
      style={
        Array [
          Object {
            "backgroundColor": "#C4C4C4",
            "borderRadius": 4,
            "height": 8,
            "marginBottom": 3,
            "marginLeft": 3,
            "marginRight": 3,
            "marginTop": 3,
            "width": 8,
          },
          undefined,
        ]
      }
    />
    <View
      style={
        Array [
          Object {
            "backgroundColor": "#C4C4C4",
            "borderRadius": 4,
            "height": 8,
            "marginBottom": 3,
            "marginLeft": 3,
            "marginRight": 3,
            "marginTop": 3,
            "width": 8,
          },
          undefined,
        ]
      }
    />
  </View>
  <View
    pointerEvents="box-none"
    style={
      Array [
        Object {
          "alignItems": "center",
          "backgroundColor": "transparent",
          "flex": 1,
          "flexDirection": "row",
          "justifyContent": "space-between",
          "left": 0,
          "paddingHorizontal": 10,
          "paddingVertical": 10,
          "position": "absolute",
          "top": 0,
        },
        Object {
          "height": 1334,
          "width": 750,
        },
        Object {
          "justifyContent": "center",
          "top": 202,
        },
      ]
    }
  >
    <View
      accessible={true}
      isTVSelectable={true}
      onResponderGrant={[Function]}
      onResponderMove={[Function]}
      onResponderRelease={[Function]}
      onResponderTerminate={[Function]}
      onResponderTerminationRequest={[Function]}
      onStartShouldSetResponder={[Function]}
      style={
        Object {
          "opacity": 1,
        }
      }
    >
      <View />
    </View>
    <View
      accessible={true}
      isTVSelectable={true}
      onResponderGrant={[Function]}
      onResponderMove={[Function]}
      onResponderRelease={[Function]}
      onResponderTerminate={[Function]}
      onResponderTerminationRequest={[Function]}
      onStartShouldSetResponder={[Function]}
      style={
        Object {
          "opacity": 1,
        }
      }
    >
      <View>
        <Text
          style={
            Object {
              "borderColor": "#fff",
              "borderRadius": 2,
              "borderWidth": 1,
              "color": "#fff",
              "fontFamily": undefined,
              "fontSize": undefined,
              "height": 40,
              "padding": 10,
              "textAlign": "center",
              "width": 247,
            }
          }
        >
          Siguiente
        </Text>
      </View>
    </View>
  </View>
</View>
`;
